{
    "Should run without failures": {
        "content": [
            {
                "0": [
                    [
                        [
                            "NC0237441protYP00901868911.fasta:md5,9a8944d86fda0fea8997306aef5d57ec",
                            "NC0237441protYP00901868911_NC0237441protYP00901869012.fasta:md5,94d906c37bc361738655cab8b0c7c2c7",
                            "chunk.flags:md5,f9ba37e0ca04079a592f0e284cd42ec3",
                            "other.flags:md5,efd6b06e8f310edef003fd35fc19ef4b"
                        ],
                        [
                            "NC0237441protYP00901868911_NC0237441protYP00901869012_NC0237441protYP00901869113.fasta:md5,b5bd3195bfd01d4416dc56410eec8c92",
                            "chunk.flags:md5,5d6a320aa54ebd0364ff5315df7dbdea",
                            "other.flags:md5,efd6b06e8f310edef003fd35fc19ef4b"
                        ]
                    ]
                ]
            }
        ],
        "timestamp": "2026-04-15T15:46:09.870209765",
        "meta": {
            "nf-test": "0.9.5",
            "nextflow": "24.10.4"
        }
    }
}